[thememakker.com/templates/swift/hospital/index.html]
[backblue.gif]
[fade.gif]
[index.html]
[thememakker.com/templates/swift/hospital/favicon.ico]
[thememakker.com/templates/swift/hospital/assets/plugins/bootstrap/css/bootstrap.min.css]
[thememakker.com/templates/swift/hospital/assets/plugins/morrisjs/morris.css]
[thememakker.com/templates/swift/hospital/assets/css/main.css]
[thememakker.com/templates/swift/hospital/doctor-schedule.html]
[thememakker.com/templates/swift/hospital/patients.html]
[thememakker.com/templates/swift/hospital/payments.html]
[thememakker.com/templates/swift/hospital/assets/images/xs/avatar1.jpg]
[thememakker.com/templates/swift/hospital/assets/images/xs/avatar2.jpg]
[thememakker.com/templates/swift/hospital/assets/images/xs/avatar3.jpg]
[thememakker.com/templates/swift/hospital/assets/images/xs/avatar4.jpg]
[thememakker.com/templates/swift/hospital/assets/images/xs/avatar5.jpg]
[thememakker.com/templates/swift/hospital/index-2.html]
[thememakker.com/templates/swift/hospital/assets/images/random-avatar7.jpg]
[thememakker.com/templates/swift/hospital/mail-inbox.html]
[thememakker.com/templates/swift/hospital/profile.html]
[thememakker.com/templates/swift/hospital/sign-in.html]
[thememakker.com/templates/swift/hospital/book-appointment.html]
[thememakker.com/templates/swift/hospital/doctors.html]
[thememakker.com/templates/swift/hospital/add-doctor.html]
[thememakker.com/templates/swift/hospital/add-patient.html]
[thememakker.com/templates/swift/hospital/patient-profile.html]
[thememakker.com/templates/swift/hospital/patient-invoice.html]
[thememakker.com/templates/swift/hospital/add-payments.html]
[thememakker.com/templates/swift/hospital/reports.html]
[thememakker.com/templates/swift/hospital/widgets.html]
[thememakker.com/templates/swift/hospital/sign-up.html]
[thememakker.com/templates/swift/hospital/forgot-password.html]
[thememakker.com/templates/swift/hospital/404.html]
[thememakker.com/templates/swift/hospital/500.html]
[thememakker.com/templates/swift/hospital/page-offline.html]
[thememakker.com/templates/swift/hospital/locked.html]
[thememakker.com/templates/swift/hospital/blank.html]
[thememakker.com/templates/swift/hospital/typography.html]
[thememakker.com/templates/swift/hospital/helper-classes.html]
[thememakker.com/templates/swift/hospital/alerts.html]
[thememakker.com/templates/swift/hospital/animations.html]
[thememakker.com/templates/swift/hospital/badges.html]
[thememakker.com/templates/swift/hospital/breadcrumbs.html]
[thememakker.com/templates/swift/hospital/buttons.html]
[thememakker.com/templates/swift/hospital/collapse.html]
[thememakker.com/templates/swift/hospital/colors.html]
[thememakker.com/templates/swift/hospital/dialogs.html]
[thememakker.com/templates/swift/hospital/icons.html]
[thememakker.com/templates/swift/hospital/labels.html]
[thememakker.com/templates/swift/hospital/list-group.html]
[thememakker.com/templates/swift/hospital/media-object.html]
[thememakker.com/templates/swift/hospital/modals.html]
[thememakker.com/templates/swift/hospital/notifications.html]
[thememakker.com/templates/swift/hospital/pagination.html]
[thememakker.com/templates/swift/hospital/preloaders.html]
[thememakker.com/templates/swift/hospital/progressbars.html]
[thememakker.com/templates/swift/hospital/range-sliders.html]
[thememakker.com/templates/swift/hospital/sortable-nestable.html]
[thememakker.com/templates/swift/hospital/tabs.html]
[thememakker.com/templates/swift/hospital/waves.html]
[thememakker.com/templates/swift/hospital/assets/bundles/libscripts.bundle.js]
[thememakker.com/templates/swift/hospital/assets/bundles/vendorscripts.bundle.js]
[thememakker.com/templates/swift/hospital/assets/bundles/chartscripts.bundle.js]
[thememakker.com/templates/swift/hospital/assets/bundles/sparklinescripts.bundle.js]
[thememakker.com/templates/swift/hospital/assets/bundles/mainscripts.bundle.js]
[thememakker.com/templates/swift/hospital/assets/js/pages/index.js]
[thememakker.com/templates/swift/hospital/assets/js/pages/charts/sparkline.min.js]
[thememakker.com/templates/swift/hospital/index.html]
[fonts.googleapis.com/icone91f.css]
[thememakker.com/templates/swift/hospital/assets/plugins/fullcalendar/fullcalendar.min.css]
[thememakker.com/templates/swift/hospital/assets/bundles/fullcalendarscripts.bundle.js]
[thememakker.com/templates/swift/hospital/assets/js/pages/calendar/calendar.js]
[thememakker.com/templates/swift/hospital/doctor-schedule.html]
[thememakker.com/templates/swift/hospital/patients.html]
[via.placeholder.com/130x130.png]
[thememakker.com/templates/swift/hospital/assets/plugins/jquery-datatable/dataTables.bootstrap4.min.css]
[thememakker.com/templates/swift/hospital/assets/bundles/datatablescripts.bundle.js]
[thememakker.com/templates/swift/hospital/assets/js/morphing.js]
[thememakker.com/templates/swift/hospital/assets/js/pages/tables/jquery-datatable.js]
[thememakker.com/templates/swift/hospital/payments.html]
[thememakker.com/templates/swift/hospital/index-2.html]
[thememakker.com/templates/swift/hospital/mail-compose.html]
[thememakker.com/templates/swift/hospital/mail-single.html]
[thememakker.com/templates/swift/hospital/mail-inbox.html]
[via.placeholder.com/1000x400.png]
[thememakker.com/templates/swift/hospital/profile.html]
[thememakker.com/templates/swift/hospital/sign-in.html]
[thememakker.com/templates/swift/hospital/assets/plugins/bootstrap-material-datetimepicker/css/bootstrap-material-datetimepicker.css]
[thememakker.com/templates/swift/hospital/assets/plugins/waitme/waitMe.css]
[thememakker.com/templates/swift/hospital/assets/plugins/bootstrap-select/css/bootstrap-select.css]
[thememakker.com/templates/swift/hospital/assets/plugins/autosize/autosize.js]
[thememakker.com/templates/swift/hospital/assets/plugins/momentjs/moment.js]
[thememakker.com/templates/swift/hospital/assets/plugins/bootstrap-material-datetimepicker/js/bootstrap-material-datetimepicker.js]
[thememakker.com/templates/swift/hospital/assets/js/pages/forms/basic-form-elements.js]
[thememakker.com/templates/swift/hospital/book-appointment.html]
[thememakker.com/templates/swift/hospital/doctors.html]
[thememakker.com/templates/swift/hospital/assets/plugins/dropzone/dropzone.css]
[thememakker.com/templates/swift/hospital/assets/plugins/dropzone/dropzone.js]
[thememakker.com/templates/swift/hospital/add-doctor.html]
[thememakker.com/templates/swift/hospital/add-patient.html]
[thememakker.com/templates/swift/hospital/assets/images/image-1.jpg]
[thememakker.com/templates/swift/hospital/patient-profile.html]
[thememakker.com/templates/swift/hospital/assets/images/logo-placeholder.jpg]
[thememakker.com/templates/swift/hospital/patient-invoice.html]
[thememakker.com/templates/swift/hospital/add-payments.html]
[thememakker.com/templates/swift/hospital/assets/plugins/waitme/waitMe.js]
[thememakker.com/templates/swift/hospital/assets/plugins/jquery-countto/jquery.countTo.js]
[thememakker.com/templates/swift/hospital/assets/plugins/jquery-sparkline/jquery.sparkline.min.js]
[thememakker.com/templates/swift/hospital/assets/js/pages/widgets/infobox/infobox-1.js]
[thememakker.com/templates/swift/hospital/assets/plugins/chartjs/Chart.bundle.min.js]
[thememakker.com/templates/swift/hospital/assets/js/pages/cards/basic.js]
[thememakker.com/templates/swift/hospital/assets/js/pages/charts/chartjs.min.js]
[thememakker.com/templates/swift/hospital/reports.html]
[thememakker.com/templates/swift/hospital/assets/plugins/jvectormap/jquery-jvectormap-1.2.2.css]
[thememakker.com/templates/swift/hospital/assets/images/puppy-1.jpg]
[thememakker.com/templates/swift/hospital/assets/images/puppy-2.jpg]
[thememakker.com/templates/swift/hospital/assets/images/puppy-3.jpg]
[thememakker.com/templates/swift/hospital/assets/images/puppy-4.jpg]
[thememakker.com/templates/swift/hospital/assets/bundles/jvectormapscripts.bundle.js]
[thememakker.com/templates/swift/hospital/assets/js/pages/maps/jvectormap.js]
[thememakker.com/templates/swift/hospital/widgets.html]
[thememakker.com/templates/swift/hospital/sign-up.html]
[thememakker.com/templates/swift/hospital/forgot-password.html]
[thememakker.com/templates/swift/hospital/404.html]
[thememakker.com/templates/swift/hospital/500.html]
[thememakker.com/templates/swift/hospital/page-offline.html]
[thememakker.com/templates/swift/hospital/locked.html]
[thememakker.com/templates/swift/hospital/blank.html]
[thememakker.com/templates/swift/hospital/typography.html]
[thememakker.com/templates/swift/hospital/helper-classes.html]
[thememakker.com/templates/swift/hospital/alerts.html]
[thememakker.com/templates/swift/hospital/assets/images/animation-bg.jpg]
[thememakker.com/templates/swift/hospital/assets/js/pages/ui/animations.js]
[thememakker.com/templates/swift/hospital/animations.html]
[thememakker.com/templates/swift/hospital/badges.html]
[thememakker.com/templates/swift/hospital/assets/plugins/bootstrap-notify/bootstrap-notify.js]
[thememakker.com/templates/swift/hospital/breadcrumbs.html]
[thememakker.com/templates/swift/hospital/buttons.html]
[thememakker.com/templates/swift/hospital/collapse.html]
[thememakker.com/templates/swift/hospital/colors.html]
[thememakker.com/templates/swift/hospital/assets/plugins/sweetalert/sweetalert.css]
[thememakker.com/templates/swift/hospital/assets/plugins/sweetalert/sweetalert.min.js]
[thememakker.com/templates/swift/hospital/assets/js/pages/ui/dialogs.js]
[thememakker.com/templates/swift/hospital/dialogs.html]
[thememakker.com/templates/swift/hospital/icons.html]
[thememakker.com/templates/swift/hospital/labels.html]
[thememakker.com/templates/swift/hospital/list-group.html]
[thememakker.com/templates/swift/hospital/media-object.html]
[thememakker.com/templates/swift/hospital/assets/js/pages/ui/modals.js]
[thememakker.com/templates/swift/hospital/modals.html]
[thememakker.com/templates/swift/hospital/assets/js/pages/ui/notifications.js]
[thememakker.com/templates/swift/hospital/notifications.html]
[thememakker.com/templates/swift/hospital/pagination.html]
[thememakker.com/templates/swift/hospital/preloaders.html]
[thememakker.com/templates/swift/hospital/progressbars.html]
[thememakker.com/templates/swift/hospital/assets/plugins/ion-rangeslider/css/ion.rangeSlider.css]
[thememakker.com/templates/swift/hospital/assets/plugins/ion-rangeslider/css/ion.rangeSlider.skinFlat.css]
[thememakker.com/templates/swift/hospital/assets/plugins/ion-rangeslider/js/ion.rangeSlider.js]
[thememakker.com/templates/swift/hospital/assets/js/pages/ui/range-sliders.js]
[thememakker.com/templates/swift/hospital/range-sliders.html]
[thememakker.com/templates/swift/hospital/assets/plugins/nestable/jquery-nestable.css]
[thememakker.com/templates/swift/hospital/assets/plugins/nestable/jquery.nestable.js]
[thememakker.com/templates/swift/hospital/assets/js/pages/ui/sortable-nestable.js]
[thememakker.com/templates/swift/hospital/sortable-nestable.html]
[thememakker.com/templates/swift/hospital/tabs.html]
[thememakker.com/templates/swift/hospital/waves.html]
[thememakker.com/templates/swift/hospital/assets/plugins/ckeditor/ckeditor.js]
[thememakker.com/templates/swift/hospital/assets/js/pages/forms/editors.js]
[thememakker.com/templates/swift/hospital/mail-compose.html]
[thememakker.com/templates/swift/hospital/mail-single.html]
[via.placeholder.com/130x130.png]
[thememakker.com/templates/swift/hospital/assets/plugins/bootstrap/css/bootstrap.min.css]
[thememakker.com/templates/swift/hospital/assets/plugins/morrisjs/morris.css]
[thememakker.com/templates/swift/hospital/assets/plugins/chartjs/Chart.bundle.min.js]
[thememakker.com/templates/swift/hospital/assets/fonts/Material-Design-Iconic-Fontd1f1.woff2]
[thememakker.com/templates/swift/hospital/assets/bundles/jvectormapscripts.bundle.js]
[thememakker.com/templates/swift/hospital/assets/fonts/Material-Design-Iconic-Fontd1f1.woff]
[thememakker.com/templates/swift/hospital/assets/plugins/ckeditor/ckeditor.js]
[thememakker.com/templates/swift/hospital/assets/fonts/Material-Design-Iconic-Fontd1f1.ttf]
[thememakker.com/templates/swift/hospital/assets/images/bg-1.jpg]
[thememakker.com/templates/swift/hospital/assets/images/profile-bg.jpg]
[thememakker.com/templates/swift/hospital/assets/images/magnifier.svg]
[thememakker.com/templates/swift/hospital/assets/css/main.css]
[thememakker.com/templates/swift/hospital/assets/plugins/fullcalendar/fullcalendar.min.css]
[thememakker.com/templates/swift/hospital/assets/plugins/jquery-datatable/dataTables.bootstrap4.min.css]
[thememakker.com/templates/swift/hospital/assets/plugins/bootstrap-material-datetimepicker/css/bootstrap-material-datetimepicker.css]
[thememakker.com/templates/swift/hospital/assets/plugins/waitme/waitMe.css]
[thememakker.com/templates/swift/hospital/assets/plugins/bootstrap-select/css/bootstrap-select.css]
[thememakker.com/templates/swift/hospital/assets/plugins/dropzone/dropzone.css]
[thememakker.com/templates/swift/hospital/assets/plugins/jvectormap/jquery-jvectormap-1.2.2.css]
[www.thememakker.com/templates/swift/hospital/assets/css/login.html]
[thememakker.com/templates/swift/hospital/assets/plugins/sweetalert/sweetalert.css]
[thememakker.com/templates/swift/hospital/assets/plugins/ion-rangeslider/css/ion.rangeSlider.css]
[thememakker.com/templates/swift/hospital/assets/plugins/ion-rangeslider/img/sprite-skin-flat.png]
[thememakker.com/templates/swift/hospital/assets/plugins/ion-rangeslider/css/ion.rangeSlider.skinFlat.css]
[thememakker.com/templates/swift/hospital/assets/plugins/nestable/jquery-nestable.css]
[thememakker.com/templates/swift/hospital/assets/images/magnifier.svg]
